
> hrms-ui@0.1.0 build C:\Users\Abdul Azees\hrms-frontend
> next build

node.exe :  ΓÜá 
turbopack.root should 
be absolute, using: 
C:\Users\Abdul 
Azees\hrms-frontend
At C:\Users\Abdul Azees
\AppData\Roaming\npm\pn
pm.ps1:24 char:5
+     & "node$exe"  "$b
asedir/node_modules/pnp
m/bin/pnpm.cjs" $args
+     ~~~~~~~~~~~~~~~~~
~~~~~~~~~~~~~~~~~~~~~~~
~~~~~~~~~~~~~~~~~~~~~
    + CategoryInfo     
         : NotSpecifi  
  ed: ( ΓÜá turbopac   
 k....s\hrms-fronte    
nd:String) [], Rem    
oteException
    + FullyQualifiedEr 
   rorId : NativeComm  
  andError
 
   Γû▓ Next.js 16.0.8 (Turbopack)
   - Environments: .env.local

   Creating an optimized production build ...
 Γ£ô Compiled successfully in 13.2s
   Running TypeScript ...
Failed to compile.

./src/components/employ
ee/employeesetup/Employ
eeContactDetailsStep.ts
x:4:40
Type error: Cannot 
find module 
'../setup/types' or 
its corresponding type 
declarations.

[0m [90m 2 |[39m
 [90m 3 |[39m 
[36mimport[39m 
[33mReact[39m 
[36mfrom[39m [32m're
act'[39m[33m;[39m
[31m[1m>[22m[39m[9
0m 4 |[39m 
[36mimport[39m { [33
mEmployeeContactDetails
[39m } [36mfrom[39m 
[32m'../setup/types'[
39m[33m;[39m
 [90m   |[39m        
                       
         
[31m[1m^[22m[39m
 [90m 5 |[39m
 [90m 6 |[39m 
[36minterface[39m [3
3mEmployeeContactDetail
sStepProps[39m {
 [90m 7 |[39m   conta
ctDetails[33m:[39m [
33mEmployeeContactDetai
ls[39m[33m;[39m[0m
Next.js build worker 
exited with code: 1 
and signal: null
ΓÇëELIFECYCLEΓÇë Command failed with exit code 1.
