src/app/employee/timetracking/page.tsx(2,30): error TS2307: Cannot find module '@/components/Timetracking/timetracking' or its corresponding type declarations.
src/app/organization/department-tree/page.tsx(5,31): error TS2307: Cannot find module '@/components/organization/departmenttree' or its corresponding type declarations.
src/app/organization/employee-tree/page.tsx(5,31): error TS2307: Cannot find module '@/components/organization/employeetree' or its corresponding type declarations.
src/app/team/hr-process/page.tsx(5,30): error TS2307: Cannot find module '@/components/team/hr-process' or its corresponding type declarations.
src/app/team/reportees/page.tsx(4,32): error TS2307: Cannot find module '@/components/team/reportees' or its corresponding type declarations.
src/app/timetracking/page.tsx(2,30): error TS2307: Cannot find module '@/components/Timetracking/timetracking' or its corresponding type declarations.
src/components/admin/organization/departmenttree.tsx(6,25): error TS2307: Cannot find module '../profile/ProfilePage' or its corresponding type declarations.
src/components/admin/organization/employeetree.tsx(6,25): error TS2307: Cannot find module '../profile/ProfilePage' or its corresponding type declarations.
src/components/admin/team/reportees.tsx(4,25): error TS2307: Cannot find module '../profile/ProfilePage' or its corresponding type declarations.
src/components/employee/employeesetup/EmployeeContactDetailsStep.tsx(4,40): error TS2307: Cannot find module '../setup/types' or its corresponding type declarations.
src/components/employee/employeesetup/EmployeeEducationStep.tsx(5,27): error TS2307: Cannot find module '../setup/types' or its corresponding type declarations.
src/components/employee/employeesetup/EmployeeIdentityInfoStep.tsx(4,38): error TS2307: Cannot find module '../setup/types' or its corresponding type declarations.
src/components/employee/employeesetup/EmployeePersonalDetailsStep.tsx(4,41): error TS2307: Cannot find module '../setup/types' or its corresponding type declarations.
src/components/employee/employeesetup/EmployeeSetupWizard.tsx(5,144): error TS2307: Cannot find module '../setup/types' or its corresponding type declarations.
src/components/employee/employeesetup/EmployeeWorkExperienceStep.tsx(5,32): error TS2307: Cannot find module '../setup/types' or its corresponding type declarations.
src/components/setup/UnifiedSetupRouter.tsx(6,33): error TS2307: Cannot find module '@/components/employeesetup/EmployeeSetupWizard' or its corresponding type declarations.
